******************************************************************************
                  TI ARM Linker PC v15.12.3                    
******************************************************************************
>> Linked Sat Dec 03 21:50:39 2016

OUTPUT FILE NAME:   <Final Project.out>
ENTRY POINT SYMBOL: "_c_int00"  address: 000045c9


MEMORY CONFIGURATION

         name            origin    length      used     unused   attr    fill
----------------------  --------  ---------  --------  --------  ----  --------
  FLASH                 00000000   00040000  00004ca7  0003b359  R  X
  SRAM                  20000000   00008000  0000439b  00003c65  RW X


SEGMENT ALLOCATION MAP

run origin  load origin   length   init length attrs members
----------  ----------- ---------- ----------- ----- -------
00000000    00000000    00004cb4   00004cb4    r-x
  00000000    00000000    0000026c   0000026c    r-- .intvecs
  0000026c    0000026c    0000469e   0000469e    r-x .text
  00004910    00004910    00000349   00000349    r-- .const
  00004c60    00004c60    00000054   00000054    r-- .cinit
20000000    20000000    0000439c   00000000    rw-
  20000000    20000000    0000404f   00000000    rw- .bss
  20004050    20004050    00000200   00000000    rw- .stack
  20004250    20004250    0000014c   00000000    rw- .data


SECTION ALLOCATION MAP

 output                                  attributes/
section   page    origin      length       input sections
--------  ----  ----------  ----------   ----------------
.intvecs   0    00000000    0000026c     
                  00000000    0000026c     tm4c123gh6pm_startup_ccs.obj (.intvecs)

.text      0    0000026c    0000469e     
                  0000026c    00001110     rtsv7M4_T_le_v4SPD16_eabi.lib : _printfi.obj (.text)
                  0000137c    00000ea8     main.obj (.text)
                  00002224    00000740     rtsv7M4_T_le_v4SPD16_eabi.lib : k_rem_pio2.obj (.text)
                  00002964    000005d0                                   : s_sin.obj (.text)
                  00002f34    00000300                                   : e_log10.obj (.text)
                  00003234    0000023c                                   : strtod.obj (.text)
                  00003470    0000021e                                   : ll_div_t2.obj (.text)
                  0000368e    000001f4                                   : ull_div_t2.obj (.text)
                  00003882    000001b6                                   : fd_add_t2.obj (.text)
                  00003a38    00000174                                   : k_sin.obj (.text)
                  00003bac    0000016c                                   : k_cos.obj (.text)
                  00003d18    00000136                                   : fd_div_t2.obj (.text)
                  00003e4e    000000fc                                   : fd_mul_t2.obj (.text)
                  00003f4a    00000002                                   : l_div0.obj (.text)
                  00003f4c    000000fc                                   : s_scalbn.obj (.text)
                  00004048    000000f8                                   : s_floor.obj (.text)
                  00004140    0000009c                                   : memcpy_t2.obj (.text)
                  000041dc    00000086                                   : fd_cmp_t2.obj (.text:__aeabi_cdcmple)
                  00004262    00000086                                   : fd_cmp_t2.obj (.text:__aeabi_cdrcmple)
                  000042e8    0000007a                                   : memset_t2.obj (.text)
                  00004362    00000002                                   : mpu_init.obj (.text)
                  00004364    00000070                                   : autoinit.obj (.text)
                  000043d4    0000006e                                   : fd_tos_t2.obj (.text)
                  00004442    0000006a                                   : copy_decompress_rle.obj (.text)
                  000044ac    00000064                                   : s_frexp.obj (.text)
                  00004510    00000060                                   : sprintf.obj (.text)
                  00004570    00000056                                   : ltoa.obj (.text)
                  000045c6    00000002                                   : startup.obj (.text)
                  000045c8    00000054                                   : boot.obj (.text)
                  0000461c    00000054                                   : exit.obj (.text)
                  00004670    0000004c                                   : atoi.obj (.text)
                  000046bc    0000004c                                   : cpy_tbl.obj (.text)
                  00004708    00000048                                   : fd_toi_t2.obj (.text)
                  00004750    00000044                                   : fd_tou_t2.obj (.text)
                  00004794    00000038                                   : fs_tod_t2.obj (.text)
                  000047cc    00000030                                   : strcasecmp.obj (.text)
                  000047fc    0000002e                                   : i_tofd_t2.obj (.text)
                  0000482a    00000020                                   : u_tofd_t2.obj (.text)
                  0000484a    0000001c                                   : memccpy.obj (.text)
                  00004866    00000002     --HOLE-- [fill = 0]
                  00004868    00000018                                   : args_main.obj (.text)
                  00004880    00000016                                   : strchr.obj (.text)
                  00004896    00000002     --HOLE-- [fill = 0]
                  00004898    00000014                                   : _lock.obj (.text)
                  000048ac    00000014                                   : s_copysign.obj (.text)
                  000048c0    00000014                                   : strlen.obj (.text)
                  000048d4    00000012                                   : atof.obj (.text)
                  000048e6    0000000e                                   : copy_decompress_none.obj (.text:decompress:none)
                  000048f4    0000000c     tm4c123gh6pm_startup_ccs.obj (.text)
                  00004900    00000006     rtsv7M4_T_le_v4SPD16_eabi.lib : copy_decompress_rle.obj (.text:decompress:rle24)
                  00004906    00000004                                   : pre_init.obj (.text)

.const     0    00004910    00000349     
                  00004910    00000158     rtsv7M4_T_le_v4SPD16_eabi.lib : k_rem_pio2.obj (.const:$O1$$)
                  00004a68    00000101                                   : ctype.obj (.const:.string:_ctypes_)
                  00004b69    00000007     --HOLE-- [fill = 0]
                  00004b70    00000098                                   : strtod.obj (.const:$O1$$)
                  00004c08    00000051     main.obj (.const:.string:$P$T0$1)

.cinit     0    00004c60    00000054     
                  00004c60    0000002b     (.cinit..data.load) [load image, compression = rle]
                  00004c8b    00000005     --HOLE-- [fill = 0]
                  00004c90    0000000b     (.cinit..bss.load) [load image, compression = rle]
                  00004c9b    00000001     --HOLE-- [fill = 0]
                  00004c9c    00000008     (__TI_handler_table)
                  00004ca4    00000010     (__TI_cinit_table)

.init_array 
*          0    00000000    00000000     UNINITIALIZED

.bss       0    20000000    0000404f     UNINITIALIZED
                  20000000    00004000     (.common:table)
                  20004000    0000000c     (.common:fre_temp)
                  2000400c    0000000c     (.common:str3)
                  20004018    0000000c     (.common:vtg_temp)
                  20004024    00000004     (.common:delta_phase)
                  20004028    00000004     (.common:field_type)
                  2000402c    00000004     (.common:freq)
                  20004030    00000004     (.common:i)
                  20004034    00000004     (.common:iirVolt)
                  20004038    00000004     (.common:index3)
                  2000403c    00000004     (.common:instantVolt)
                  20004040    00000004     (.common:raw)
                  20004044    00000004     (.common:value)
                  20004048    00000004     (.common:volt)
                  2000404c    00000002     (.common:volt1)
                  2000404e    00000001     (.common:mode)

.stack     0    20004050    00000200     UNINITIALIZED
                  20004050    00000200     --HOLE--

.data      0    20004250    0000014c     UNINITIALIZED
                  20004250    00000051     main.obj (.data:str1)
                  200042a1    00000051     main.obj (.data:str2)
                  200042f2    00000051     main.obj (.data:stringg)
                  20004343    00000001     --HOLE--
                  20004344    0000002d     main.obj (.data)
                  20004371    00000003     --HOLE--
                  20004374    0000000c     rtsv7M4_T_le_v4SPD16_eabi.lib : exit.obj (.data:$O1$$)
                  20004380    0000000c     main.obj (.data:field_index)
                  2000438c    00000008     rtsv7M4_T_le_v4SPD16_eabi.lib : _lock.obj (.data:$O1$$)
                  20004394    00000004                                   : errno.obj (.data)
                  20004398    00000004                                   : stkdepth_vars.obj (.data)

MODULE SUMMARY

       Module                         code    ro data   rw data
       ------                         ----    -------   -------
    .\
       main.obj                       3752    81        16763  
       tm4c123gh6pm_startup_ccs.obj   12      620       0      
    +--+------------------------------+-------+---------+---------+
       Total:                         3764    701       16763  
                                                               
    C:\ti\ccsv6\tools\compiler\arm_15.12.3.LTS\lib\rtsv7M4_T_le_v4SPD16_eabi.lib
       _printfi.obj                   4368    0         0      
       k_rem_pio2.obj                 1856    344       0      
       s_sin.obj                      1488    0         0      
       e_log10.obj                    768     0         0      
       strtod.obj                     572     152       0      
       ll_div_t2.obj                  542     0         0      
       ull_div_t2.obj                 500     0         0      
       fd_add_t2.obj                  438     0         0      
       k_sin.obj                      372     0         0      
       k_cos.obj                      364     0         0      
       fd_div_t2.obj                  310     0         0      
       fd_cmp_t2.obj                  268     0         0      
       ctype.obj                      0       257       0      
       fd_mul_t2.obj                  252     0         0      
       s_scalbn.obj                   252     0         0      
       s_floor.obj                    248     0         0      
       memcpy_t2.obj                  156     0         0      
       memset_t2.obj                  122     0         0      
       autoinit.obj                   112     0         0      
       copy_decompress_rle.obj        112     0         0      
       fd_tos_t2.obj                  110     0         0      
       s_frexp.obj                    100     0         0      
       exit.obj                       84      0         12     
       sprintf.obj                    96      0         0      
       ltoa.obj                       86      0         0      
       boot.obj                       84      0         0      
       atoi.obj                       76      0         0      
       cpy_tbl.obj                    76      0         0      
       fd_toi_t2.obj                  72      0         0      
       fd_tou_t2.obj                  68      0         0      
       fs_tod_t2.obj                  56      0         0      
       strcasecmp.obj                 48      0         0      
       i_tofd_t2.obj                  46      0         0      
       u_tofd_t2.obj                  32      0         0      
       _lock.obj                      20      0         8      
       memccpy.obj                    28      0         0      
       args_main.obj                  24      0         0      
       strchr.obj                     22      0         0      
       s_copysign.obj                 20      0         0      
       strlen.obj                     20      0         0      
       atof.obj                       18      0         0      
       copy_decompress_none.obj       14      0         0      
       errno.obj                      0       0         4      
       pre_init.obj                   4       0         0      
       stkdepth_vars.obj              0       0         4      
       l_div0.obj                     2       0         0      
       mpu_init.obj                   2       0         0      
       startup.obj                    2       0         0      
    +--+------------------------------+-------+---------+---------+
       Total:                         14310   753       28     
                                                               
       Stack:                         0       0         512    
       Linker Generated:              0       78        0      
    +--+------------------------------+-------+---------+---------+
       Grand Total:                   18074   1532      17303  


LINKER GENERATED COPY TABLES

__TI_cinit_table @ 00004ca4 records: 2, size/record: 8, table size: 16
	.data: load addr=00004c60, load size=0000002b bytes, run addr=20004250, run size=0000014c bytes, compression=rle
	.bss: load addr=00004c90, load size=0000000b bytes, run addr=20000000, run size=0000404f bytes, compression=rle


LINKER GENERATED HANDLER TABLE

__TI_handler_table @ 00004c9c records: 2, size/record: 4, table size: 8
	index: 0, handler: __TI_decompress_rle24
	index: 1, handler: __TI_decompress_none


GLOBAL SYMBOLS: SORTED ALPHABETICALLY BY Name 

address   name                           
-------   ----                           
0000461d  C$$EXIT                        
00001ac1  LUT                            
000048f5  ResetISR                       
UNDEFED   SHT$$INIT_ARRAY$$Base          
UNDEFED   SHT$$INIT_ARRAY$$Limit         
000020bd  Timer1Isr                      
20004250  __STACK_END                    
00000200  __STACK_SIZE                   
20004250  __STACK_TOP                    
00004ca4  __TI_CINIT_Base                
00004cb4  __TI_CINIT_Limit               
00004c9c  __TI_Handler_Table_Base        
00004ca4  __TI_Handler_Table_Limit       
00004365  __TI_auto_init                 
20004374  __TI_cleanup_ptr               
000048e7  __TI_decompress_none           
00004901  __TI_decompress_rle24          
20004378  __TI_dtors_ptr                 
2000437c  __TI_enable_exit_profile_output
ffffffff  __TI_pprof_out_hndl            
00001077  __TI_printfi                   
ffffffff  __TI_prof_data_size            
ffffffff  __TI_prof_data_start           
00000000  __TI_static_base__             
000041dd  __aeabi_cdcmpeq                
000041dd  __aeabi_cdcmple                
00004263  __aeabi_cdrcmple               
000043d5  __aeabi_d2f                    
00004709  __aeabi_d2iz                   
00004751  __aeabi_d2uiz                  
0000388d  __aeabi_dadd                   
00003d19  __aeabi_ddiv                   
00003e4f  __aeabi_dmul                   
00003883  __aeabi_dsub                   
00004795  __aeabi_f2d                    
000047fd  __aeabi_i2d                    
00003f4b  __aeabi_ldiv0                  
00003471  __aeabi_ldivmod                
000042e9  __aeabi_memclr                 
000042e9  __aeabi_memclr4                
000042e9  __aeabi_memclr8                
00004141  __aeabi_memcpy                 
00004141  __aeabi_memcpy4                
00004141  __aeabi_memcpy8                
000042eb  __aeabi_memset                 
000042eb  __aeabi_memset4                
000042eb  __aeabi_memset8                
0000482b  __aeabi_ui2d                   
0000368f  __aeabi_uldivmod               
ffffffff  __binit__                      
ffffffff  __c_args__                     
00003bad  __kernel_cos                   
00002225  __kernel_rem_pio2              
00003a39  __kernel_sin                   
00004363  __mpu_init                     
20004050  __stack                        
00004869  _args_main                     
000045c9  _c_int00                       
00004a68  _ctypes_                       
2000438c  _lock                          
000048a7  _nop                           
0000489f  _register_lock                 
00004899  _register_unlock               
000045c7  _system_post_cinit             
00004907  _system_pre_init               
20004390  _unlock                        
00004621  abort                          
20004358  alpha                          
20004354  amp                            
000048d5  atof                           
00004671  atoi                           
ffffffff  binit                          
000046bd  copy_in                        
000048ad  copysign                       
000048ad  copysignl                      
20004370  count                          
20004024  delta_phase                    
20004394  errno                          
00004629  exit                           
20004344  field_count                    
20004380  field_index                    
20004028  field_type                     
2000435c  firstUpdate                    
00004049  floor                          
00004049  floorl                         
20004000  fre_temp                       
2000402c  freq                           
20004368  freq1                          
2000436c  freq2                          
20004348  freq3                          
20004360  freq_temp                      
000044ad  frexp                          
000044ad  frexpl                         
00000000  g_pfnVectors                   
00001965  getNumber                      
00001573  getcUart0                      
20004030  i                              
20004034  iirVolt                        
20004038  index3                         
0000137d  initHw                         
2000403c  instantVolt                    
20004364  instant_adc                    
00001999  iscommand                      
00003f4d  ldexp                          
00003f4d  ldexpl                         
00002f35  log10                          
00002f35  log10l                         
00004571  ltoa                           
00002111  main                           
20004398  main_func_sp                   
0000484b  memccpy                        
00004141  memcpy                         
000042f1  memset                         
2000404e  mode                           
2000434c  phase                          
20004350  pi                             
00001525  putcUart0                      
00001541  putsUart0                      
20004040  raw                            
0000150b  readAdc                        
00003f4d  scalbn                         
00003f4d  scalbnl                        
000019c1  setDC                          
00002965  sin                            
00002965  sinl                           
00004511  sprintf                        
00001587  step2                          
000016fd  step3                          
00001e4d  step4                          
20004250  str1                           
200042a1  str2                           
2000400c  str3                           
000047cd  strcasecmp                     
00004881  strchr                         
200042f2  stringg                        
000048c1  strlen                         
00003235  strtod                         
00003235  strtold                        
00001bc9  sweep                          
20000000  table                          
20004044  value                          
20004048  volt                           
2000404c  volt1                          
20004018  vtg_temp                       
00001941  waitMicrosecond                


GLOBAL SYMBOLS: SORTED BY Symbol Address 

address   name                           
-------   ----                           
00000000  __TI_static_base__             
00000000  g_pfnVectors                   
00000200  __STACK_SIZE                   
00001077  __TI_printfi                   
0000137d  initHw                         
0000150b  readAdc                        
00001525  putcUart0                      
00001541  putsUart0                      
00001573  getcUart0                      
00001587  step2                          
000016fd  step3                          
00001941  waitMicrosecond                
00001965  getNumber                      
00001999  iscommand                      
000019c1  setDC                          
00001ac1  LUT                            
00001bc9  sweep                          
00001e4d  step4                          
000020bd  Timer1Isr                      
00002111  main                           
00002225  __kernel_rem_pio2              
00002965  sin                            
00002965  sinl                           
00002f35  log10                          
00002f35  log10l                         
00003235  strtod                         
00003235  strtold                        
00003471  __aeabi_ldivmod                
0000368f  __aeabi_uldivmod               
00003883  __aeabi_dsub                   
0000388d  __aeabi_dadd                   
00003a39  __kernel_sin                   
00003bad  __kernel_cos                   
00003d19  __aeabi_ddiv                   
00003e4f  __aeabi_dmul                   
00003f4b  __aeabi_ldiv0                  
00003f4d  ldexp                          
00003f4d  ldexpl                         
00003f4d  scalbn                         
00003f4d  scalbnl                        
00004049  floor                          
00004049  floorl                         
00004141  __aeabi_memcpy                 
00004141  __aeabi_memcpy4                
00004141  __aeabi_memcpy8                
00004141  memcpy                         
000041dd  __aeabi_cdcmpeq                
000041dd  __aeabi_cdcmple                
00004263  __aeabi_cdrcmple               
000042e9  __aeabi_memclr                 
000042e9  __aeabi_memclr4                
000042e9  __aeabi_memclr8                
000042eb  __aeabi_memset                 
000042eb  __aeabi_memset4                
000042eb  __aeabi_memset8                
000042f1  memset                         
00004363  __mpu_init                     
00004365  __TI_auto_init                 
000043d5  __aeabi_d2f                    
000044ad  frexp                          
000044ad  frexpl                         
00004511  sprintf                        
00004571  ltoa                           
000045c7  _system_post_cinit             
000045c9  _c_int00                       
0000461d  C$$EXIT                        
00004621  abort                          
00004629  exit                           
00004671  atoi                           
000046bd  copy_in                        
00004709  __aeabi_d2iz                   
00004751  __aeabi_d2uiz                  
00004795  __aeabi_f2d                    
000047cd  strcasecmp                     
000047fd  __aeabi_i2d                    
0000482b  __aeabi_ui2d                   
0000484b  memccpy                        
00004869  _args_main                     
00004881  strchr                         
00004899  _register_unlock               
0000489f  _register_lock                 
000048a7  _nop                           
000048ad  copysign                       
000048ad  copysignl                      
000048c1  strlen                         
000048d5  atof                           
000048e7  __TI_decompress_none           
000048f5  ResetISR                       
00004901  __TI_decompress_rle24          
00004907  _system_pre_init               
00004a68  _ctypes_                       
00004c9c  __TI_Handler_Table_Base        
00004ca4  __TI_CINIT_Base                
00004ca4  __TI_Handler_Table_Limit       
00004cb4  __TI_CINIT_Limit               
20000000  table                          
20004000  fre_temp                       
2000400c  str3                           
20004018  vtg_temp                       
20004024  delta_phase                    
20004028  field_type                     
2000402c  freq                           
20004030  i                              
20004034  iirVolt                        
20004038  index3                         
2000403c  instantVolt                    
20004040  raw                            
20004044  value                          
20004048  volt                           
2000404c  volt1                          
2000404e  mode                           
20004050  __stack                        
20004250  __STACK_END                    
20004250  __STACK_TOP                    
20004250  str1                           
200042a1  str2                           
200042f2  stringg                        
20004344  field_count                    
20004348  freq3                          
2000434c  phase                          
20004350  pi                             
20004354  amp                            
20004358  alpha                          
2000435c  firstUpdate                    
20004360  freq_temp                      
20004364  instant_adc                    
20004368  freq1                          
2000436c  freq2                          
20004370  count                          
20004374  __TI_cleanup_ptr               
20004378  __TI_dtors_ptr                 
2000437c  __TI_enable_exit_profile_output
20004380  field_index                    
2000438c  _lock                          
20004390  _unlock                        
20004394  errno                          
20004398  main_func_sp                   
ffffffff  __TI_pprof_out_hndl            
ffffffff  __TI_prof_data_size            
ffffffff  __TI_prof_data_start           
ffffffff  __binit__                      
ffffffff  __c_args__                     
ffffffff  binit                          
UNDEFED   SHT$$INIT_ARRAY$$Base          
UNDEFED   SHT$$INIT_ARRAY$$Limit         

[145 symbols]
